[imgbb.com/index.html]
[backblue.gif]
[fade.gif]
[index.html]
[imgbb.com/noscript.html]
[simgbb.com/4905/ibb.css]
[simgbb.com/images/favicon.png]
[ar.imgbb.com/index.html]
[simgbb.com/images/logo.png]
[bg-bg.imgbb.com/index.html]
[cs.imgbb.com/index.html]
[da.imgbb.com/index.html]
[de.imgbb.com/index.html]
[el.imgbb.com/index.html]
[es.imgbb.com/index.html]
[imgbb.com/plugin.html]
[et-ee.imgbb.com/index.html]
[fa.imgbb.com/index.html]
[fi.imgbb.com/index.html]
[fr.imgbb.com/index.html]
[he.imgbb.com/index.html]
[hu.imgbb.com/index.html]
[id.imgbb.com/index.html]
[it.imgbb.com/index.html]
[ja.imgbb.com/index.html]
[ko.imgbb.com/index.html]
[lt-lt.imgbb.com/index.html]
[nb.imgbb.com/index.html]
[nl.imgbb.com/index.html]
[imgbb.com/tos.html]
[pl.imgbb.com/index.html]
[pt.imgbb.com/index.html]
[pt-br.imgbb.com/index.html]
[ru.imgbb.com/index.html]
[sk.imgbb.com/index.html]
[sr-rs.imgbb.com/index.html]
[sv.imgbb.com/index.html]
[tr.imgbb.com/index.html]
[uk.imgbb.com/index.html]
[vi.imgbb.com/index.html]
[zh-cn.imgbb.com/index.html]
[zh-tw.imgbb.com/index.html]
[imgbb.com/privacy.html]
[api.imgbb.com/index.html]
[imgbb.com/contact.html]
[imgbb.com/login.html]
[imgbb.com/signup.html]
[simgbb.com/4905/jquery2.js]
[pagead2.googlesyndication.com/pagead/js/f.txt]
[imgbb.com/index.html]
[imgbb.com/noscript.html]
[simgbb.com/4905/ibb.css]
[imgbb.com/upload.html]
[ar.imgbb.com/noscript.html]
[ar.imgbb.com/plugin.html]
[ar.imgbb.com/contact.html]
[ar.imgbb.com/signup.html]
[ar.imgbb.com/login.html]
[ar.imgbb.com/index.html]
[bg-bg.imgbb.com/noscript.html]
[bg-bg.imgbb.com/plugin.html]
[bg-bg.imgbb.com/contact.html]
[bg-bg.imgbb.com/signup.html]
[bg-bg.imgbb.com/login.html]
[bg-bg.imgbb.com/index.html]
[cs.imgbb.com/noscript.html]
[cs.imgbb.com/plugin.html]
[cs.imgbb.com/contact.html]
[cs.imgbb.com/signup.html]
[cs.imgbb.com/login.html]
[cs.imgbb.com/index.html]
[da.imgbb.com/noscript.html]
[da.imgbb.com/plugin.html]
[da.imgbb.com/contact.html]
[da.imgbb.com/signup.html]
[da.imgbb.com/login.html]
[da.imgbb.com/index.html]
[de.imgbb.com/noscript.html]
[de.imgbb.com/plugin.html]
[de.imgbb.com/contact.html]
[de.imgbb.com/signup.html]
[de.imgbb.com/login.html]
[de.imgbb.com/index.html]
[el.imgbb.com/noscript.html]
[el.imgbb.com/plugin.html]
[el.imgbb.com/contact.html]
[el.imgbb.com/signup.html]
[el.imgbb.com/login.html]
[el.imgbb.com/index.html]
[es.imgbb.com/noscript.html]
[es.imgbb.com/plugin.html]
[es.imgbb.com/contact.html]
[es.imgbb.com/signup.html]
[es.imgbb.com/login.html]
[es.imgbb.com/index.html]
[et-ee.imgbb.com/noscript.html]
[et-ee.imgbb.com/plugin.html]
[et-ee.imgbb.com/contact.html]
[et-ee.imgbb.com/signup.html]
[et-ee.imgbb.com/login.html]
[et-ee.imgbb.com/index.html]
[fa.imgbb.com/noscript.html]
[fa.imgbb.com/plugin.html]
[fa.imgbb.com/contact.html]
[fa.imgbb.com/signup.html]
[fa.imgbb.com/login.html]
[fa.imgbb.com/index.html]
[fi.imgbb.com/noscript.html]
[fi.imgbb.com/plugin.html]
[fi.imgbb.com/contact.html]
[fi.imgbb.com/signup.html]
[fi.imgbb.com/login.html]
[fi.imgbb.com/index.html]
[fr.imgbb.com/noscript.html]
[fr.imgbb.com/plugin.html]
[fr.imgbb.com/contact.html]
[fr.imgbb.com/signup.html]
[fr.imgbb.com/login.html]
[fr.imgbb.com/index.html]
[he.imgbb.com/noscript.html]
[he.imgbb.com/plugin.html]
[he.imgbb.com/contact.html]
[he.imgbb.com/signup.html]
[he.imgbb.com/login.html]
[he.imgbb.com/index.html]
[hu.imgbb.com/noscript.html]
[hu.imgbb.com/plugin.html]
[hu.imgbb.com/contact.html]
[hu.imgbb.com/signup.html]
[hu.imgbb.com/login.html]
[hu.imgbb.com/index.html]
[id.imgbb.com/noscript.html]
[id.imgbb.com/plugin.html]
[id.imgbb.com/contact.html]
[id.imgbb.com/signup.html]
[id.imgbb.com/login.html]
[id.imgbb.com/index.html]
[it.imgbb.com/noscript.html]
[it.imgbb.com/plugin.html]
[it.imgbb.com/contact.html]
[it.imgbb.com/signup.html]
[it.imgbb.com/login.html]
[it.imgbb.com/index.html]
[ja.imgbb.com/noscript.html]
[ja.imgbb.com/plugin.html]
[ja.imgbb.com/contact.html]
[ja.imgbb.com/signup.html]
[ja.imgbb.com/login.html]
[ja.imgbb.com/index.html]
[ko.imgbb.com/noscript.html]
[ko.imgbb.com/plugin.html]
[ko.imgbb.com/contact.html]
[ko.imgbb.com/signup.html]
[ko.imgbb.com/login.html]
[ko.imgbb.com/index.html]
[lt-lt.imgbb.com/noscript.html]
[lt-lt.imgbb.com/plugin.html]
[lt-lt.imgbb.com/contact.html]
[lt-lt.imgbb.com/signup.html]
[lt-lt.imgbb.com/login.html]
[lt-lt.imgbb.com/index.html]
[nb.imgbb.com/noscript.html]
[nb.imgbb.com/plugin.html]
[nb.imgbb.com/contact.html]
[nb.imgbb.com/signup.html]
[nb.imgbb.com/login.html]
[nb.imgbb.com/index.html]
[nl.imgbb.com/noscript.html]
[nl.imgbb.com/plugin.html]
[nl.imgbb.com/contact.html]
[nl.imgbb.com/signup.html]
[nl.imgbb.com/login.html]
[nl.imgbb.com/index.html]
[pl.imgbb.com/noscript.html]
[pl.imgbb.com/plugin.html]
[pl.imgbb.com/contact.html]
[pl.imgbb.com/signup.html]
[pl.imgbb.com/login.html]
[pl.imgbb.com/index.html]
[pt.imgbb.com/noscript.html]
[pt.imgbb.com/plugin.html]
[pt.imgbb.com/contact.html]
[pt.imgbb.com/signup.html]
[pt.imgbb.com/login.html]
[pt.imgbb.com/index.html]
[pt-br.imgbb.com/noscript.html]
[pt-br.imgbb.com/plugin.html]
[pt-br.imgbb.com/contact.html]
[pt-br.imgbb.com/signup.html]
[pt-br.imgbb.com/login.html]
[pt-br.imgbb.com/index.html]
[ru.imgbb.com/noscript.html]
[ru.imgbb.com/plugin.html]
[ru.imgbb.com/contact.html]
[ru.imgbb.com/signup.html]
[ru.imgbb.com/login.html]
[ru.imgbb.com/index.html]
[sk.imgbb.com/noscript.html]
[sk.imgbb.com/plugin.html]
[sk.imgbb.com/contact.html]
[sk.imgbb.com/signup.html]
[sk.imgbb.com/login.html]
[sk.imgbb.com/index.html]
[sr-rs.imgbb.com/noscript.html]
[sr-rs.imgbb.com/plugin.html]
[sr-rs.imgbb.com/contact.html]
[sr-rs.imgbb.com/signup.html]
[sr-rs.imgbb.com/login.html]
[sr-rs.imgbb.com/index.html]
[sv.imgbb.com/noscript.html]
[sv.imgbb.com/plugin.html]
[sv.imgbb.com/contact.html]
[sv.imgbb.com/signup.html]
[sv.imgbb.com/login.html]
[sv.imgbb.com/index.html]
[tr.imgbb.com/noscript.html]
[tr.imgbb.com/plugin.html]
[tr.imgbb.com/contact.html]
[tr.imgbb.com/signup.html]
[tr.imgbb.com/login.html]
[tr.imgbb.com/index.html]
[uk.imgbb.com/noscript.html]
[uk.imgbb.com/plugin.html]
[uk.imgbb.com/contact.html]
[uk.imgbb.com/signup.html]
[uk.imgbb.com/login.html]
[uk.imgbb.com/index.html]
[vi.imgbb.com/noscript.html]
[vi.imgbb.com/plugin.html]
[vi.imgbb.com/contact.html]
[vi.imgbb.com/signup.html]
[vi.imgbb.com/login.html]
[vi.imgbb.com/index.html]
[zh-cn.imgbb.com/noscript.html]
[zh-cn.imgbb.com/plugin.html]
[zh-cn.imgbb.com/contact.html]
[zh-cn.imgbb.com/signup.html]
[zh-cn.imgbb.com/login.html]
[zh-cn.imgbb.com/index.html]
[zh-tw.imgbb.com/noscript.html]
[zh-tw.imgbb.com/plugin.html]
[zh-tw.imgbb.com/contact.html]
[zh-tw.imgbb.com/signup.html]
[zh-tw.imgbb.com/login.html]
[zh-tw.imgbb.com/index.html]
[imgbb.com/plugin.html]
[api.imgbb.com/index.html]
[imgbb.com/tos.html]
[imgbb.com/privacy.html]
[imgbb.com/contact.html]
[api.imgbb.com/json.html]
[imgbb.com/account/password-forgot.html]
[imgbb.com/login.html]
[imgbb.com/signup.html]
[imgbb.com/json.json]
[simgbb.com/4905/ibb.js]
[imgbb.com/upload.html]
[ar.imgbb.com/noscript.html]
[ar.imgbb.com/plugin.html]
[ar.imgbb.com/contact.html]
[ar.imgbb.com/tos.f5.delayed]
[ar.imgbb.com/privacy]
[ar.imgbb.com/signup.html]
[ar.imgbb.com/login.html]
[ar.imgbb.com/json.json]
[bg-bg.imgbb.com/noscript.html]
[bg-bg.imgbb.com/plugin.html]
[bg-bg.imgbb.com/contact.html]
[bg-bg.imgbb.com/tos.107.delayed]
[bg-bg.imgbb.com/privacy]
[bg-bg.imgbb.com/signup.html]
[bg-bg.imgbb.com/login.html]
[bg-bg.imgbb.com/json.json]
[cs.imgbb.com/noscript.html]
[cs.imgbb.com/plugin.html]
[cs.imgbb.com/contact.html]
[cs.imgbb.com/tos.119.delayed]
[cs.imgbb.com/privacy]
[cs.imgbb.com/signup.html]
[cs.imgbb.com/login.html]
[cs.imgbb.com/json.json]
[da.imgbb.com/noscript.html]
[da.imgbb.com/plugin.html]
[da.imgbb.com/contact.html]
[da.imgbb.com/tos.12b.delayed]
[da.imgbb.com/privacy]
[da.imgbb.com/signup.html]
[da.imgbb.com/login.html]
[da.imgbb.com/json.json]
[de.imgbb.com/noscript.html]
[de.imgbb.com/plugin.html]
[de.imgbb.com/contact.html]
[de.imgbb.com/tos.13d.delayed]
[de.imgbb.com/privacy]
[de.imgbb.com/signup.html]
[de.imgbb.com/login.html]
[de.imgbb.com/json.json]
[el.imgbb.com/noscript.html]
[el.imgbb.com/plugin.html]
[el.imgbb.com/contact.html]
[el.imgbb.com/tos.14f.delayed]
[el.imgbb.com/privacy]
[el.imgbb.com/signup.html]
[el.imgbb.com/login.html]
[el.imgbb.com/json.json]
[es.imgbb.com/noscript.html]
[es.imgbb.com/plugin.html]
[es.imgbb.com/contact.html]
[es.imgbb.com/tos.161.delayed]
[es.imgbb.com/privacy]
[es.imgbb.com/signup.html]
[es.imgbb.com/login.html]
[es.imgbb.com/json.json]
[et-ee.imgbb.com/noscript.html]
[et-ee.imgbb.com/plugin.html]
[et-ee.imgbb.com/contact.html]
[et-ee.imgbb.com/tos.173.delayed]
[et-ee.imgbb.com/privacy]
[et-ee.imgbb.com/signup.html]
[et-ee.imgbb.com/login.html]
[et-ee.imgbb.com/json.json]
[fa.imgbb.com/noscript.html]
[fa.imgbb.com/plugin.html]
[fa.imgbb.com/contact.html]
[fa.imgbb.com/tos.185.delayed]
[fa.imgbb.com/privacy]
[fa.imgbb.com/signup.html]
[fa.imgbb.com/login.html]
[fa.imgbb.com/json.json]
[fi.imgbb.com/noscript.html]
[fi.imgbb.com/plugin.html]
[fi.imgbb.com/contact.html]
[fi.imgbb.com/tos.197.delayed]
[fi.imgbb.com/privacy]
[fi.imgbb.com/signup.html]
[fi.imgbb.com/login.html]
[fi.imgbb.com/json.json]
[fr.imgbb.com/noscript.html]
[fr.imgbb.com/plugin.html]
[fr.imgbb.com/contact.html]
[fr.imgbb.com/tos.1a9.delayed]
[fr.imgbb.com/privacy]
[fr.imgbb.com/signup.html]
[fr.imgbb.com/login.html]
[fr.imgbb.com/json.json]
[he.imgbb.com/noscript.html]
[he.imgbb.com/plugin.html]
[he.imgbb.com/contact.html]
[he.imgbb.com/tos.1bb.delayed]
[he.imgbb.com/privacy]
[he.imgbb.com/signup.html]
[he.imgbb.com/login.html]
[he.imgbb.com/json.json]
[hu.imgbb.com/noscript.html]
[hu.imgbb.com/plugin.html]
[hu.imgbb.com/contact.html]
[hu.imgbb.com/tos.1cd.delayed]
[hu.imgbb.com/privacy]
[hu.imgbb.com/signup.html]
[hu.imgbb.com/login.html]
[hu.imgbb.com/json.json]
[id.imgbb.com/noscript.html]
[id.imgbb.com/plugin.html]
[id.imgbb.com/contact.html]
[id.imgbb.com/tos.1df.delayed]
[id.imgbb.com/privacy]
[id.imgbb.com/signup.html]
[id.imgbb.com/login.html]
[id.imgbb.com/json.json]
[it.imgbb.com/noscript.html]
[it.imgbb.com/plugin.html]
[it.imgbb.com/contact.html]
[it.imgbb.com/tos.1f1.delayed]
[it.imgbb.com/privacy]
[it.imgbb.com/signup.html]
[it.imgbb.com/login.html]
[it.imgbb.com/json.json]
[ja.imgbb.com/noscript.html]
[ja.imgbb.com/plugin.html]
[ja.imgbb.com/contact.html]
[ja.imgbb.com/tos.203.delayed]
[ja.imgbb.com/privacy]
[ja.imgbb.com/signup.html]
[ja.imgbb.com/login.html]
[ja.imgbb.com/json.json]
[ko.imgbb.com/noscript.html]
[ko.imgbb.com/plugin.html]
[ko.imgbb.com/contact.html]
[ko.imgbb.com/tos.215.delayed]
[ko.imgbb.com/privacy]
[ko.imgbb.com/signup.html]
[ko.imgbb.com/login.html]
[ko.imgbb.com/json.json]
[lt-lt.imgbb.com/noscript.html]
[lt-lt.imgbb.com/plugin.html]
[lt-lt.imgbb.com/contact.html]
[lt-lt.imgbb.com/tos.227.delayed]
[lt-lt.imgbb.com/privacy]
[lt-lt.imgbb.com/signup.html]
[lt-lt.imgbb.com/login.html]
[lt-lt.imgbb.com/json.json]
[nb.imgbb.com/noscript.html]
[nb.imgbb.com/plugin.html]
[nb.imgbb.com/contact.html]
[nb.imgbb.com/tos.239.delayed]
[nb.imgbb.com/privacy]
[nb.imgbb.com/signup.html]
[nb.imgbb.com/login.html]
[nb.imgbb.com/json.json]
[nl.imgbb.com/noscript.html]
[nl.imgbb.com/plugin.html]
[nl.imgbb.com/contact.html]
[nl.imgbb.com/tos.24b.delayed]
[nl.imgbb.com/privacy]
[nl.imgbb.com/signup.html]
[nl.imgbb.com/login.html]
[nl.imgbb.com/json.json]
[pl.imgbb.com/noscript.html]
[pl.imgbb.com/plugin.html]
[pl.imgbb.com/contact.html]
[pl.imgbb.com/tos.25d.delayed]
[pl.imgbb.com/privacy]
[pl.imgbb.com/signup.html]
[pl.imgbb.com/login.html]
[pl.imgbb.com/json.json]
[pt.imgbb.com/noscript.html]
[pt.imgbb.com/plugin.html]
[pt.imgbb.com/contact.html]
[pt.imgbb.com/tos.26f.delayed]
[pt.imgbb.com/privacy]
[pt.imgbb.com/signup.html]
[pt.imgbb.com/login.html]
[pt.imgbb.com/json.json]
[pt-br.imgbb.com/noscript.html]
[pt-br.imgbb.com/plugin.html]
[pt-br.imgbb.com/contact.html]
[pt-br.imgbb.com/tos.281.delayed]
[pt-br.imgbb.com/privacy]
[pt-br.imgbb.com/signup.html]
[pt-br.imgbb.com/login.html]
[pt-br.imgbb.com/json.json]
[ru.imgbb.com/noscript.html]
[ru.imgbb.com/plugin.html]
[ru.imgbb.com/contact.html]
[ru.imgbb.com/tos.293.delayed]
[ru.imgbb.com/privacy]
[ru.imgbb.com/signup.html]
[ru.imgbb.com/login.html]
[ru.imgbb.com/json.json]
[sk.imgbb.com/noscript.html]
[sk.imgbb.com/plugin.html]
[sk.imgbb.com/contact.html]
[sk.imgbb.com/tos.2a5.delayed]
[sk.imgbb.com/privacy]
[sk.imgbb.com/signup.html]
[sk.imgbb.com/login.html]
[sk.imgbb.com/json.json]
[sr-rs.imgbb.com/noscript.html]
[sr-rs.imgbb.com/plugin.html]
[sr-rs.imgbb.com/contact.html]
[sr-rs.imgbb.com/tos.2b7.delayed]
[sr-rs.imgbb.com/privacy]
[sr-rs.imgbb.com/signup.html]
[sr-rs.imgbb.com/login.html]
[sr-rs.imgbb.com/json.json]
[sv.imgbb.com/noscript.html]
[sv.imgbb.com/plugin.html]
[sv.imgbb.com/contact.html]
[sv.imgbb.com/tos.2c9.delayed]
[sv.imgbb.com/privacy]
[sv.imgbb.com/signup.html]
[sv.imgbb.com/login.html]
[sv.imgbb.com/json.json]
[tr.imgbb.com/noscript.html]
[tr.imgbb.com/plugin.html]
[tr.imgbb.com/contact.html]
[tr.imgbb.com/tos.2db.delayed]
[tr.imgbb.com/privacy]
[tr.imgbb.com/signup.html]
[tr.imgbb.com/login.html]
[tr.imgbb.com/json.json]
[uk.imgbb.com/noscript.html]
[uk.imgbb.com/plugin.html]
[uk.imgbb.com/contact.html]
[uk.imgbb.com/tos.2ed.delayed]
[uk.imgbb.com/privacy]
[uk.imgbb.com/signup.html]
[uk.imgbb.com/login.html]
[uk.imgbb.com/json.json]
[vi.imgbb.com/noscript.html]
[vi.imgbb.com/plugin.html]
[vi.imgbb.com/contact.html]
[vi.imgbb.com/tos.2ff.delayed]
[vi.imgbb.com/privacy]
[vi.imgbb.com/signup.html]
[vi.imgbb.com/login.html]
[vi.imgbb.com/json.json]
[zh-cn.imgbb.com/noscript.html]
[zh-cn.imgbb.com/plugin.html]
[zh-cn.imgbb.com/contact.html]
[zh-cn.imgbb.com/tos.311.delayed]
[zh-cn.imgbb.com/privacy]
[zh-cn.imgbb.com/signup.html]
[zh-cn.imgbb.com/login.html]
[zh-cn.imgbb.com/json.json]
[zh-tw.imgbb.com/noscript.html]
[zh-tw.imgbb.com/plugin.html]
[zh-tw.imgbb.com/contact.html]
[zh-tw.imgbb.com/tos.323.delayed]
[zh-tw.imgbb.com/privacy]
[zh-tw.imgbb.com/signup.html]
[zh-tw.imgbb.com/login.html]
[zh-tw.imgbb.com/json.json]
[api.imgbb.com/json.html]
[imgbb.com/account/password-forgot.html]
[ar.imgbb.com/tos.html]
[ar.imgbb.com/privacy.html]
[bg-bg.imgbb.com/tos.html]
[bg-bg.imgbb.com/privacy.html]
[cs.imgbb.com/tos.html]
[cs.imgbb.com/privacy.html]
[da.imgbb.com/tos.html]
[da.imgbb.com/privacy.html]
[de.imgbb.com/tos.html]
[de.imgbb.com/privacy.html]
[el.imgbb.com/tos.html]
[el.imgbb.com/privacy.html]
[es.imgbb.com/tos.html]
[es.imgbb.com/privacy.html]
[et-ee.imgbb.com/tos.html]
[et-ee.imgbb.com/privacy.html]
[fa.imgbb.com/tos.html]
[fa.imgbb.com/privacy.html]
[fi.imgbb.com/tos.html]
[fi.imgbb.com/privacy.html]
[fr.imgbb.com/tos.html]
[fr.imgbb.com/privacy.html]
[he.imgbb.com/tos.html]
[he.imgbb.com/privacy.html]
[hu.imgbb.com/tos.html]
[hu.imgbb.com/privacy.html]
[id.imgbb.com/tos.html]
[id.imgbb.com/privacy.html]
[it.imgbb.com/tos.html]
[it.imgbb.com/privacy.html]
[ja.imgbb.com/tos.html]
[ja.imgbb.com/privacy.html]
[ko.imgbb.com/tos.html]
[ko.imgbb.com/privacy.html]
[lt-lt.imgbb.com/tos.html]
[lt-lt.imgbb.com/privacy.html]
[nb.imgbb.com/tos.html]
[nb.imgbb.com/privacy.html]
[nl.imgbb.com/tos.html]
[nl.imgbb.com/privacy.html]
[pl.imgbb.com/tos.html]
[pl.imgbb.com/privacy.html]
[pt.imgbb.com/tos.html]
[pt.imgbb.com/privacy.html]
[pt-br.imgbb.com/tos.html]
[pt-br.imgbb.com/privacy.html]
[ru.imgbb.com/tos.html]
[ru.imgbb.com/privacy.html]
[sk.imgbb.com/tos.html]
[sk.imgbb.com/privacy.html]
[sr-rs.imgbb.com/tos.html]
[sr-rs.imgbb.com/privacy.html]
[sv.imgbb.com/tos.html]
[sv.imgbb.com/privacy.html]
[tr.imgbb.com/tos.html]
[tr.imgbb.com/privacy.html]
[uk.imgbb.com/tos.html]
[uk.imgbb.com/privacy.html]
[vi.imgbb.com/tos.html]
[vi.imgbb.com/privacy.html]
[zh-cn.imgbb.com/tos.html]
[zh-cn.imgbb.com/privacy.html]
[zh-tw.imgbb.com/tos.html]
[zh-tw.imgbb.com/privacy.html]
